{
	"mappings": {
		"test": {
			"properties": {
				"c": {
					"type": "keyword"
				},
				"d": {
					"type": "date"
				}
			}
		},
		"feed_item": {
			"properties": {
				"_id": {
					"type": "text"
				},
				"test_thing": {
					"type": "object",
					"properties": {
						"a": {
							"type": "keyword"
						},
						"b": {
							"type": "object",
							"properties": {
								"c": {
									"type": "keyword"
								},
								"d": {
									"type": "date"
								}
							}
						}
					}
				}
			}
		}
	}
}